[error] Failed to fetch Firebase Project from Studio Workspace because WORKSPACE_SLUG environment variable is empty
[error] Failed to fetch Firebase Project from Studio Workspace because WORKSPACE_SLUG environment variable is empty
[error] Failed to fetch Firebase Project from Studio Workspace because WORKSPACE_SLUG environment variable is empty
[error] Failed to fetch Firebase Project from Studio Workspace because WORKSPACE_SLUG environment variable is empty
[debug] [2026-02-01T05:19:35.726Z] > command requires scopes: ["email","openid","https://www.googleapis.com/auth/cloudplatformprojects.readonly","https://www.googleapis.com/auth/firebase","https://www.googleapis.com/auth/cloud-platform","https://www.googleapis.com/auth/userinfo.email"]
[debug] [2026-02-01T05:19:35.730Z] > command requires scopes: ["email","openid","https://www.googleapis.com/auth/cloudplatformprojects.readonly","https://www.googleapis.com/auth/firebase","https://www.googleapis.com/auth/cloud-platform","https://www.googleapis.com/auth/userinfo.email"]
[error] Failed to fetch Firebase Project from Studio Workspace because WORKSPACE_SLUG environment variable is empty
[error] Failed to fetch Firebase Project from Studio Workspace because WORKSPACE_SLUG environment variable is empty
[error] Failed to fetch Firebase Project from Studio Workspace because WORKSPACE_SLUG environment variable is empty
[debug] [2026-02-01T05:19:54.328Z] > command requires scopes: ["email","openid","https://www.googleapis.com/auth/cloudplatformprojects.readonly","https://www.googleapis.com/auth/firebase","https://www.googleapis.com/auth/cloud-platform","https://www.googleapis.com/auth/userinfo.email"]
[error] Failed to fetch Firebase Project from Studio Workspace because WORKSPACE_SLUG environment variable is empty
[debug] [2026-02-01T05:19:56.794Z] > command requires scopes: ["email","openid","https://www.googleapis.com/auth/cloudplatformprojects.readonly","https://www.googleapis.com/auth/firebase","https://www.googleapis.com/auth/cloud-platform","https://www.googleapis.com/auth/userinfo.email"]
[error] Failed to fetch Firebase Project from Studio Workspace because WORKSPACE_SLUG environment variable is empty
[error] Failed to fetch Firebase Project from Studio Workspace because WORKSPACE_SLUG environment variable is empty
[error] Failed to fetch Firebase Project from Studio Workspace because WORKSPACE_SLUG environment variable is empty
[debug] [2026-02-01T05:19:56.839Z] > command requires scopes: ["email","openid","https://www.googleapis.com/auth/cloudplatformprojects.readonly","https://www.googleapis.com/auth/firebase","https://www.googleapis.com/auth/cloud-platform","https://www.googleapis.com/auth/userinfo.email"]
[error] Failed to fetch Firebase Project from Studio Workspace because WORKSPACE_SLUG environment variable is empty
[error] Failed to fetch Firebase Project from Studio Workspace because WORKSPACE_SLUG environment variable is empty
[error] Failed to fetch Firebase Project from Studio Workspace because WORKSPACE_SLUG environment variable is empty
[debug] [2026-02-01T05:19:56.856Z] > command requires scopes: ["email","openid","https://www.googleapis.com/auth/cloudplatformprojects.readonly","https://www.googleapis.com/auth/firebase","https://www.googleapis.com/auth/cloud-platform","https://www.googleapis.com/auth/userinfo.email"]
[error] Failed to fetch Firebase Project from Studio Workspace because WORKSPACE_SLUG environment variable is empty
[error] Failed to fetch Firebase Project from Studio Workspace because WORKSPACE_SLUG environment variable is empty
[debug] [2026-02-01T05:19:59.268Z] > command requires scopes: ["email","openid","https://www.googleapis.com/auth/cloudplatformprojects.readonly","https://www.googleapis.com/auth/firebase","https://www.googleapis.com/auth/cloud-platform","https://www.googleapis.com/auth/userinfo.email"]
[debug] [2026-02-01T05:19:59.269Z] > command requires scopes: ["email","openid","https://www.googleapis.com/auth/cloudplatformprojects.readonly","https://www.googleapis.com/auth/firebase","https://www.googleapis.com/auth/cloud-platform","https://www.googleapis.com/auth/userinfo.email"]
[error] Failed to fetch Firebase Project from Studio Workspace because WORKSPACE_SLUG environment variable is empty
[error] Failed to fetch Firebase Project from Studio Workspace because WORKSPACE_SLUG environment variable is empty
[debug] [2026-02-01T10:54:55.971Z] > command requires scopes: ["email","openid","https://www.googleapis.com/auth/cloudplatformprojects.readonly","https://www.googleapis.com/auth/firebase","https://www.googleapis.com/auth/cloud-platform","https://www.googleapis.com/auth/userinfo.email"]
[error] Failed to fetch Firebase Project from Studio Workspace because WORKSPACE_SLUG environment variable is empty
[error] Failed to fetch Firebase Project from Studio Workspace because WORKSPACE_SLUG environment variable is empty
[debug] [2026-02-01T10:54:58.834Z] > command requires scopes: ["email","openid","https://www.googleapis.com/auth/cloudplatformprojects.readonly","https://www.googleapis.com/auth/firebase","https://www.googleapis.com/auth/cloud-platform","https://www.googleapis.com/auth/userinfo.email"]
[info] 
=== Hosting Setup Actuation
[debug] [2026-02-01T10:54:58.877Z] >>> [apiv2][query] GET https://www.gstatic.com/firebasejs/releases.json [none]
[debug] [2026-02-01T10:54:59.265Z] <<< [apiv2][status] GET https://www.gstatic.com/firebasejs/releases.json 200
[debug] [2026-02-01T10:54:59.268Z] <<< [apiv2][body] GET https://www.gstatic.com/firebasejs/releases.json {"current":{"version":"12.8.0","browserURL":"https://www.gstatic.com/firebasejs/12.8.0/firebase.js","packageURL":"https://www.gstatic.com/firebasejs/12.8.0/firebase.tgz"},"live":{"version":"12.8","browserURL":"https://www.gstatic.com/firebasejs/live/12.8/firebase.js","packageURL":"https://www.gstatic.com/firebasejs/live/12.8/firebase.tgz"},"components":{"ai":"https://www.gstatic.com/firebasejs/12.8.0/firebase-ai.js","analytics":"https://www.gstatic.com/firebasejs/12.8.0/firebase-analytics.js","app":"https://www.gstatic.com/firebasejs/12.8.0/firebase-app.js","app-check":"https://www.gstatic.com/firebasejs/12.8.0/firebase-app-check.js","auth":"https://www.gstatic.com/firebasejs/12.8.0/firebase-auth.js","auth/cordova":"https://www.gstatic.com/firebasejs/12.8.0/firebase-auth/cordova.js","auth/web-extension":"https://www.gstatic.com/firebasejs/12.8.0/firebase-auth/web-extension.js","functions":"https://www.gstatic.com/firebasejs/12.8.0/firebase-functions.js","firestore":"https://www.gstatic.com/firebasejs/12.8.0/firebase-firestore.js","firestore/lite":"https://www.gstatic.com/firebasejs/12.8.0/firebase-firestore/lite.js","firestore/pipelines":"https://www.gstatic.com/firebasejs/12.8.0/firebase-firestore/pipelines.js","firestore/lite/pipelines":"https://www.gstatic.com/firebasejs/12.8.0/firebase-firestore/lite/pipelines.js","installations":"https://www.gstatic.com/firebasejs/12.8.0/firebase-installations.js","storage":"https://www.gstatic.com/firebasejs/12.8.0/firebase-storage.js","performance":"https://www.gstatic.com/firebasejs/12.8.0/firebase-performance.js","remote-config":"https://www.gstatic.com/firebasejs/12.8.0/firebase-remote-config.js","messaging":"https://www.gstatic.com/firebasejs/12.8.0/firebase-messaging.js","messaging/sw":"https://www.gstatic.com/firebasejs/12.8.0/firebase-messaging/sw.js","database":"https://www.gstatic.com/firebasejs/12.8.0/firebase-database.js","data-connect":"https://www.gstatic.com/firebasejs/12.8.0/firebase-data-connect.js","firestore.memory":"https://www.gstatic.com/firebasejs/12.8.0/firebase-firestore.memory.js"}}
[info] ✔  Wrote ./index.html 
[info] ✔  Wrote configuration info to firebase.json 
[info] ✔  Wrote project information to .firebaserc 
[error] Failed to fetch Firebase Project from Studio Workspace because WORKSPACE_SLUG environment variable is empty
[error] Failed to fetch Firebase Project from Studio Workspace because WORKSPACE_SLUG environment variable is empty
[error] Failed to fetch Firebase Project from Studio Workspace because WORKSPACE_SLUG environment variable is empty
[error] Failed to fetch Firebase Project from Studio Workspace because WORKSPACE_SLUG environment variable is empty
[debug] [2026-02-01T10:56:26.803Z] > command requires scopes: ["email","openid","https://www.googleapis.com/auth/cloudplatformprojects.readonly","https://www.googleapis.com/auth/firebase","https://www.googleapis.com/auth/cloud-platform","https://www.googleapis.com/auth/userinfo.email"]
[debug] [2026-02-01T10:56:26.805Z] > command requires scopes: ["email","openid","https://www.googleapis.com/auth/cloudplatformprojects.readonly","https://www.googleapis.com/auth/firebase","https://www.googleapis.com/auth/cloud-platform","https://www.googleapis.com/auth/userinfo.email"]
[error] Failed to fetch Firebase Project from Studio Workspace because WORKSPACE_SLUG environment variable is empty
[error] Failed to fetch Firebase Project from Studio Workspace because WORKSPACE_SLUG environment variable is empty
[error] Failed to fetch Firebase Project from Studio Workspace because WORKSPACE_SLUG environment variable is empty
[debug] [2026-02-01T10:56:36.524Z] > command requires scopes: ["email","openid","https://www.googleapis.com/auth/cloudplatformprojects.readonly","https://www.googleapis.com/auth/firebase","https://www.googleapis.com/auth/cloud-platform","https://www.googleapis.com/auth/userinfo.email"]
[error] Failed to fetch Firebase Project from Studio Workspace because WORKSPACE_SLUG environment variable is empty
[debug] [2026-02-01T10:56:38.690Z] > command requires scopes: ["email","openid","https://www.googleapis.com/auth/cloudplatformprojects.readonly","https://www.googleapis.com/auth/firebase","https://www.googleapis.com/auth/cloud-platform","https://www.googleapis.com/auth/userinfo.email"]
[error] Failed to fetch Firebase Project from Studio Workspace because WORKSPACE_SLUG environment variable is empty
[error] Failed to fetch Firebase Project from Studio Workspace because WORKSPACE_SLUG environment variable is empty
[error] Failed to fetch Firebase Project from Studio Workspace because WORKSPACE_SLUG environment variable is empty
[debug] [2026-02-01T10:56:38.723Z] > command requires scopes: ["email","openid","https://www.googleapis.com/auth/cloudplatformprojects.readonly","https://www.googleapis.com/auth/firebase","https://www.googleapis.com/auth/cloud-platform","https://www.googleapis.com/auth/userinfo.email"]
[error] Failed to fetch Firebase Project from Studio Workspace because WORKSPACE_SLUG environment variable is empty
[error] Failed to fetch Firebase Project from Studio Workspace because WORKSPACE_SLUG environment variable is empty
[error] Failed to fetch Firebase Project from Studio Workspace because WORKSPACE_SLUG environment variable is empty
[debug] [2026-02-01T10:56:38.732Z] > command requires scopes: ["email","openid","https://www.googleapis.com/auth/cloudplatformprojects.readonly","https://www.googleapis.com/auth/firebase","https://www.googleapis.com/auth/cloud-platform","https://www.googleapis.com/auth/userinfo.email"]
[error] Failed to fetch Firebase Project from Studio Workspace because WORKSPACE_SLUG environment variable is empty
[error] Failed to fetch Firebase Project from Studio Workspace because WORKSPACE_SLUG environment variable is empty
[debug] [2026-02-01T10:56:40.869Z] > command requires scopes: ["email","openid","https://www.googleapis.com/auth/cloudplatformprojects.readonly","https://www.googleapis.com/auth/firebase","https://www.googleapis.com/auth/cloud-platform","https://www.googleapis.com/auth/userinfo.email"]
[debug] [2026-02-01T10:56:40.869Z] > command requires scopes: ["email","openid","https://www.googleapis.com/auth/cloudplatformprojects.readonly","https://www.googleapis.com/auth/firebase","https://www.googleapis.com/auth/cloud-platform","https://www.googleapis.com/auth/userinfo.email"]
[error] Failed to fetch Firebase Project from Studio Workspace because WORKSPACE_SLUG environment variable is empty
[error] Failed to fetch Firebase Project from Studio Workspace because WORKSPACE_SLUG environment variable is empty
[debug] [2026-02-01T10:57:40.896Z] > command requires scopes: ["email","openid","https://www.googleapis.com/auth/cloudplatformprojects.readonly","https://www.googleapis.com/auth/firebase","https://www.googleapis.com/auth/cloud-platform","https://www.googleapis.com/auth/userinfo.email"]
[error] Failed to fetch Firebase Project from Studio Workspace because WORKSPACE_SLUG environment variable is empty
[error] Failed to fetch Firebase Project from Studio Workspace because WORKSPACE_SLUG environment variable is empty
[debug] [2026-02-01T10:57:43.302Z] > command requires scopes: ["email","openid","https://www.googleapis.com/auth/cloudplatformprojects.readonly","https://www.googleapis.com/auth/firebase","https://www.googleapis.com/auth/cloud-platform","https://www.googleapis.com/auth/userinfo.email"]
[info] 
=== Hosting Setup Actuation
[debug] [2026-02-01T10:57:43.308Z] >>> [apiv2][query] GET https://www.gstatic.com/firebasejs/releases.json [none]
[debug] [2026-02-01T10:57:43.396Z] <<< [apiv2][status] GET https://www.gstatic.com/firebasejs/releases.json 200
[debug] [2026-02-01T10:57:43.397Z] <<< [apiv2][body] GET https://www.gstatic.com/firebasejs/releases.json {"current":{"version":"12.8.0","browserURL":"https://www.gstatic.com/firebasejs/12.8.0/firebase.js","packageURL":"https://www.gstatic.com/firebasejs/12.8.0/firebase.tgz"},"live":{"version":"12.8","browserURL":"https://www.gstatic.com/firebasejs/live/12.8/firebase.js","packageURL":"https://www.gstatic.com/firebasejs/live/12.8/firebase.tgz"},"components":{"ai":"https://www.gstatic.com/firebasejs/12.8.0/firebase-ai.js","analytics":"https://www.gstatic.com/firebasejs/12.8.0/firebase-analytics.js","app":"https://www.gstatic.com/firebasejs/12.8.0/firebase-app.js","app-check":"https://www.gstatic.com/firebasejs/12.8.0/firebase-app-check.js","auth":"https://www.gstatic.com/firebasejs/12.8.0/firebase-auth.js","auth/cordova":"https://www.gstatic.com/firebasejs/12.8.0/firebase-auth/cordova.js","auth/web-extension":"https://www.gstatic.com/firebasejs/12.8.0/firebase-auth/web-extension.js","functions":"https://www.gstatic.com/firebasejs/12.8.0/firebase-functions.js","firestore":"https://www.gstatic.com/firebasejs/12.8.0/firebase-firestore.js","firestore/lite":"https://www.gstatic.com/firebasejs/12.8.0/firebase-firestore/lite.js","firestore/pipelines":"https://www.gstatic.com/firebasejs/12.8.0/firebase-firestore/pipelines.js","firestore/lite/pipelines":"https://www.gstatic.com/firebasejs/12.8.0/firebase-firestore/lite/pipelines.js","installations":"https://www.gstatic.com/firebasejs/12.8.0/firebase-installations.js","storage":"https://www.gstatic.com/firebasejs/12.8.0/firebase-storage.js","performance":"https://www.gstatic.com/firebasejs/12.8.0/firebase-performance.js","remote-config":"https://www.gstatic.com/firebasejs/12.8.0/firebase-remote-config.js","messaging":"https://www.gstatic.com/firebasejs/12.8.0/firebase-messaging.js","messaging/sw":"https://www.gstatic.com/firebasejs/12.8.0/firebase-messaging/sw.js","database":"https://www.gstatic.com/firebasejs/12.8.0/firebase-database.js","data-connect":"https://www.gstatic.com/firebasejs/12.8.0/firebase-data-connect.js","firestore.memory":"https://www.gstatic.com/firebasejs/12.8.0/firebase-firestore.memory.js"}}
[info] ✔  Wrote ./index.html 
[info] ✔  Wrote configuration info to firebase.json 
[info] ✔  Wrote project information to .firebaserc 
